[debug] [2026-09-08T09:22:52.180Z] ----------------------------------------------------------------------
[debug] [2026-09-08T09:22:52.184Z] Command:       C:\Program Files\nodejs\node.exe C:\Users\ELBOSTAN\AppData\Roaming\npm\node_modules\firebase-tools\lib\bin\firebase.js functions:list --debug
[debug] [2026-09-08T09:22:52.185Z] CLI Version:   15.19.0
[debug] [2026-09-08T09:22:52.185Z] Platform:      win32
[debug] [2026-09-08T09:22:52.185Z] Node Version:  v24.15.0
[debug] [2026-09-08T09:22:52.185Z] Time:          Tue Sep 08 2026 12:22:52 GMT+0300 (Eastern European Summer Time)
[debug] [2026-09-08T09:22:52.186Z] ----------------------------------------------------------------------
[debug] 
[debug] [2026-09-08T09:22:52.458Z] > command requires scopes: ["email","openid","https://www.googleapis.com/auth/cloudplatformprojects.readonly","https://www.googleapis.com/auth/firebase","https://www.googleapis.com/auth/cloud-platform"]
[debug] [2026-09-08T09:22:52.459Z] > authorizing via signed-in user (abdomrx81@gmail.com)
[debug] [2026-09-08T09:22:52.460Z] [iam] checking project harpy-order for permissions ["cloudfunctions.functions.list","firebase.projects.get","run.services.list"]
[debug] [2026-09-08T09:22:52.463Z] Checked if tokens are valid: true, expires at: 1788862662788
[debug] [2026-09-08T09:22:52.463Z] Checked if tokens are valid: true, expires at: 1788862662788
[debug] [2026-09-08T09:22:52.466Z] >>> [apiv2][query] POST https://cloudresourcemanager.googleapis.com/v1/projects/harpy-order:testIamPermissions [none]
[debug] [2026-09-08T09:22:52.466Z] >>> [apiv2][(partial)header] POST https://cloudresourcemanager.googleapis.com/v1/projects/harpy-order:testIamPermissions  x-goog-user-project=harpy-order
[debug] [2026-09-08T09:22:52.466Z] >>> [apiv2][body] POST https://cloudresourcemanager.googleapis.com/v1/projects/harpy-order:testIamPermissions {"permissions":["cloudfunctions.functions.list","firebase.projects.get","run.services.list"]}
[debug] [2026-09-08T09:22:53.441Z] <<< [apiv2][status] POST https://cloudresourcemanager.googleapis.com/v1/projects/harpy-order:testIamPermissions 200
[debug] [2026-09-08T09:22:53.441Z] <<< [apiv2][body] POST https://cloudresourcemanager.googleapis.com/v1/projects/harpy-order:testIamPermissions {"permissions":["cloudfunctions.functions.list","firebase.projects.get","run.services.list"]}
[debug] [2026-09-08T09:22:53.442Z] Checked if tokens are valid: true, expires at: 1788862662788
[debug] [2026-09-08T09:22:53.442Z] Checked if tokens are valid: true, expires at: 1788862662788
[debug] [2026-09-08T09:22:53.442Z] >>> [apiv2][query] GET https://cloudfunctions.googleapis.com/v1/projects/harpy-order/locations/-/functions [none]
[debug] [2026-09-08T09:22:53.818Z] <<< [apiv2][status] GET https://cloudfunctions.googleapis.com/v1/projects/harpy-order/locations/-/functions 403
[debug] [2026-09-08T09:22:53.818Z] <<< [apiv2][body] GET https://cloudfunctions.googleapis.com/v1/projects/harpy-order/locations/-/functions {"error":{"code":403,"message":"Cloud Functions API has not been used in project harpy-order before or it is disabled. Enable it by visiting https://console.developers.google.com/apis/api/cloudfunctions.googleapis.com/overview?project=harpy-order then retry. If you enabled this API recently, wait a few minutes for the action to propagate to our systems and retry.","status":"PERMISSION_DENIED","details":[{"@type":"type.googleapis.com/google.rpc.ErrorInfo","reason":"SERVICE_DISABLED","domain":"googleapis.com","metadata":{"serviceTitle":"Cloud Functions API","consumer":"projects/harpy-order","service":"cloudfunctions.googleapis.com","activationUrl":"https://console.developers.google.com/apis/api/cloudfunctions.googleapis.com/overview?project=harpy-order","containerInfo":"harpy-order"}},{"@type":"type.googleapis.com/google.rpc.LocalizedMessage","locale":"en-US","message":"Cloud Functions API has not been used in project harpy-order before or it is disabled. Enable it by visiting https://console.developers.google.com/apis/api/cloudfunctions.googleapis.com/overview?project=harpy-order then retry. If you enabled this API recently, wait a few minutes for the action to propagate to our systems and retry."},{"@type":"type.googleapis.com/google.rpc.Help","links":[{"description":"Google developers console API activation","url":"https://console.developers.google.com/apis/api/cloudfunctions.googleapis.com/overview?project=harpy-order"}]}]}}
[debug] [2026-09-08T09:22:53.819Z] [functions] failed to list functions for harpy-order
[debug] [2026-09-08T09:22:53.819Z] [functions] Request to https://cloudfunctions.googleapis.com/v1/projects/harpy-order/locations/-/functions had HTTP Error: 403, Cloud Functions API has not been used in project harpy-order before or it is disabled. Enable it by visiting https://console.developers.google.com/apis/api/cloudfunctions.googleapis.com/overview?project=harpy-order then retry. If you enabled this API recently, wait a few minutes for the action to propagate to our systems and retry.
[debug] [2026-09-08T09:22:54.118Z] FirebaseError: Request to https://cloudfunctions.googleapis.com/v1/projects/harpy-order/locations/-/functions had HTTP Error: 403, Cloud Functions API has not been used in project harpy-order before or it is disabled. Enable it by visiting https://console.developers.google.com/apis/api/cloudfunctions.googleapis.com/overview?project=harpy-order then retry. If you enabled this API recently, wait a few minutes for the action to propagate to our systems and retry.
    at responseToError (C:\Users\ELBOSTAN\AppData\Roaming\npm\node_modules\firebase-tools\lib\responseToError.js:53:12)
    at RetryOperation._fn (C:\Users\ELBOSTAN\AppData\Roaming\npm\node_modules\firebase-tools\lib\apiv2.js:333:77)
    at process.processTicksAndRejections (node:internal/process/task_queues:104:5)
[error] 
[error] Error: Failed to list functions for harpy-order
